47.89.7.192 - - [10/Jun/2017:22:50:51 +0800] "GET /js/m/m-yjggOldList.js?version=3 HTTP/1.1" 304 0 "http://www.vipysdd.com/common/m-yjggOldList.html" "Mozilla/5.0 (iPhone; CPU iPhone OS 10_3_1 like Mac OS X) AppleWebKit/603.1.30 (KHTML, like Gecko) Mobile/14E304" 223.13.130.247
47.89.7.192 - - [10/Jun/2017:22:50:51 +0800] "POST /node/getNode.html?jq_random=0.37155 HTTP/1.1" 200 3438 "http://www.vipysdd.com/common/m-yjggOldList.html" "Mozilla/5.0 (iPhone; CPU iPhone OS 10_3_1 like Mac OS X) AppleWebKit/603.1.30 (KHTML, like Gecko) Mobile/14E304" 223.13.130.247
47.89.7.226 - - [10/Jun/2017:22:50:52 +0800] "GET /common/m-bookLoanList.html?tf=booking_success HTTP/1.1" 200 833 "-" "Mozilla/5.0 (Linux; Android 7.0; HUAWEI NXT-AL10 Build/HUAWEINXT-AL10; wv) AppleWebKit/537.36 (KHTML, like Gecko) Version/4.0 Chrome/55.0.2883.91 Mobile Safari/537.36" 121.32.99.6
47.89.7.192 - - [10/Jun/2017:22:50:53 +0800] "GET /common/m-nodeInfo.html?id=496d6fb680114d02841ad63e9ce828a7&nodeType=wzgg HTTP/1.1" 200 1071 "http://www.vipysdd.com/common/m-yjggOldList.html" "Mozilla/5.0 (iPhone; CPU iPhone OS 10_3_1 like Mac OS X) AppleWebKit/603.1.30 (KHTML, like Gecko) Mobile/14E304" 223.13.130.247
47.89.7.226 - - [10/Jun/2017:22:50:53 +0800] "POST /userCenter/getAccountInfo.html?jq_random=0.15792 HTTP/1.1" 200 1896 "http://www.vipysdd.com/common/m-myCenter.html" "Mozilla/5.0 (Linux; Android 5.1; MX4 Build/LMY47I; wv) AppleWebKit/537.36 (KHTML, like Gecko) Version/4.0 Chrome/44.0.2403.146 Mobile Safari/537.36" 182.55.64.99
47.89.7.226 - - [10/Jun/2017:22:50:53 +0800] "POST /bookLoan/getBookList.html?jq_random=0.64570 HTTP/1.1" 200 2702 "http://www.vipysdd.com/common/m-bookLoanList.html?tf=booking_success" "Mozilla/5.0 (Linux; Android 7.0; HUAWEI NXT-AL10 Build/HUAWEINXT-AL10; wv) AppleWebKit/537.36 (KHTML, like Gecko) Version/4.0 Chrome/55.0.2883.91 Mobile Safari/537.36" 121.32.99.6
47.89.7.192 - - [10/Jun/2017:22:50:53 +0800] "POST /node/getDetail.html?jq_random=0.67261 HTTP/1.1" 200 63355 "http://www.vipysdd.com/common/m-nodeInfo.html?id=496d6fb680114d02841ad63e9ce828a7&nodeType=wzgg" "Mozilla/5.0 (iPhone; CPU iPhone OS 10_3_1 like Mac OS X) AppleWebKit/603.1.30 (KHTML, like Gecko) Mobile/14E304" 223.13.130.247
47.89.7.224 - - [10/Jun/2017:22:50:54 +0800] "POST /vipRepay/getRepayList.html?jq_random=0.08355 HTTP/1.1" 200 1210 "http://www.vipysdd.com/common/m-xmjsList.html" "Mozilla/5.0 (iPhone; CPU iPhone OS 9_3 like Mac OS X) AppleWebKit/601.1.46 (KHTML, like Gecko) Mobile/13E233" 223.104.63.63
47.89.7.207 - - [10/Jun/2017:22:50:58 +0800] "GET /common/xbgglist.html?code=ggxb&no=0 HTTP/1.1" 404 1003 "-" "Mozilla/5.0 (Windows NT 6.1; WOW64) AppleWebKit/537.36 (KHTML, like Gecko) Chrome/43.0.2357.124 Safari/537.36" 101.226.33.208
47.89.7.216 - - [10/Jun/2017:22:51:00 +0800] "POST /vipRepay/getRepayList.html?jq_random=0.28884 HTTP/1.1" 200 1209 "http://www.vipysdd.com/common/m-xmjsList.html" "Mozilla/5.0 (iPhone; CPU iPhone OS 9_3 like Mac OS X) AppleWebKit/601.1.46 (KHTML, like Gecko) Mobile/13E233" 223.104.63.63
47.89.7.217 - - [10/Jun/2017:22:51:02 +0800] "GET /common/nodedetail.html?id=aa2f47360d4d4286831afda0399cf607&nodetype=xbgg HTTP/1.1" 404 1007 "-" "Mozilla/5.0 (Windows NT 6.1; WOW64; Trident/7.0; SLCC2; .NET CLR 2.0.50727; .NET CLR 3.5.30729; .NET CLR 3.0.30729; Media Center PC 6.0; .NET4.0C; .NET4.0E; InfoPath.3; rv:11.0) like Gecko" 117.185.27.113
47.89.7.226 - - [10/Jun/2017:22:51:04 +0800] "POST /bookLoan/getBookList.html?jq_random=0.51007 HTTP/1.1" 200 2707 "http://www.vipysdd.com/common/m-bookLoanList.html?tf=booking_success" "Mozilla/5.0 (Linux; Android 7.0; HUAWEI NXT-AL10 Build/HUAWEINXT-AL10; wv) AppleWebKit/537.36 (KHTML, like Gecko) Version/4.0 Chrome/55.0.2883.91 Mobile Safari/537.36" 121.32.99.6
47.89.7.216 - - [10/Jun/2017:22:51:05 +0800] "POST /user/login.html?jq_random=0.09440 HTTP/1.1" 200 46 "http://www.vipysdd.com/common/m-login.html" "Mozilla/5.0 (Linux; Android 7.0; HUAWEI MLA-AL10 Build/HUAWEIMLA-AL10; wv) AppleWebKit/537.36 (KHTML, like Gecko) Version/4.0 Chrome/56.0.2924.87 Mobile Safari/537.36" 117.150.245.66
47.89.7.216 - - [10/Jun/2017:22:51:05 +0800] "GET /common/m-myCenter.html HTTP/1.1" 200 2405 "-" "Mozilla/5.0 (Linux; Android 7.0; HUAWEI MLA-AL10 Build/HUAWEIMLA-AL10; wv) AppleWebKit/537.36 (KHTML, like Gecko) Version/4.0 Chrome/56.0.2924.87 Mobile Safari/537.36" 117.150.245.66
47.89.7.216 - - [10/Jun/2017:22:51:06 +0800] "POST /userCenter/getAccountInfo.html?jq_random=0.12686 HTTP/1.1" 200 606 "http://www.vipysdd.com/common/m-myCenter.html" "Mozilla/5.0 (Linux; Android 7.0; HUAWEI MLA-AL10 Build/HUAWEIMLA-AL10; wv) AppleWebKit/537.36 (KHTML, like Gecko) Version/4.0 Chrome/56.0.2924.87 Mobile Safari/537.36" 117.150.245.66
47.89.7.216 - - [10/Jun/2017:22:51:07 +0800] "GET /common/m-gg.html HTTP/1.1" 200 772 "-" "Mozilla/5.0 (Linux; Android 7.0; HUAWEI MLA-AL10 Build/HUAWEIMLA-AL10; wv) AppleWebKit/537.36 (KHTML, like Gecko) Version/4.0 Chrome/56.0.2924.87 Mobile Safari/537.36" 117.150.245.66
47.89.7.216 - - [10/Jun/2017:22:51:07 +0800] "POST /node/getNode.html?jq_random=0.34986 HTTP/1.1" 200 2934 "http://www.vipysdd.com/common/m-gg.html" "Mozilla/5.0 (Linux; Android 7.0; HUAWEI MLA-AL10 Build/HUAWEIMLA-AL10; wv) AppleWebKit/537.36 (KHTML, like Gecko) Version/4.0 Chrome/56.0.2924.87 Mobile Safari/537.36" 117.150.245.66
47.89.7.216 - - [10/Jun/2017:22:51:08 +0800] "GET /common/m-yjggOldList.html HTTP/1.1" 200 707 "-" "Mozilla/5.0 (Linux; Android 7.0; HUAWEI MLA-AL10 Build/HUAWEIMLA-AL10; wv) AppleWebKit/537.36 (KHTML, like Gecko) Version/4.0 Chrome/56.0.2924.87 Mobile Safari/537.36" 117.150.245.66
47.89.7.216 - - [10/Jun/2017:22:51:08 +0800] "POST /node/getNode.html?jq_random=0.28360 HTTP/1.1" 200 3438 "http://www.vipysdd.com/common/m-yjggOldList.html" "Mozilla/5.0 (Linux; Android 7.0; HUAWEI MLA-AL10 Build/HUAWEIMLA-AL10; wv) AppleWebKit/537.36 (KHTML, like Gecko) Version/4.0 Chrome/56.0.2924.87 Mobile Safari/537.36" 117.150.245.66
47.89.7.226 - - [10/Jun/2017:22:51:08 +0800] "POST /vipRepay/getRepayList.html?jq_random=0.53710 HTTP/1.1" 200 1186 "http://www.vipysdd.com/common/m-xmjsList.html" "Mozilla/5.0 (iPhone; CPU iPhone OS 9_3 like Mac OS X) AppleWebKit/601.1.46 (KHTML, like Gecko) Mobile/13E233" 223.104.63.63
47.89.7.216 - - [10/Jun/2017:22:51:09 +0800] "GET /common/m-nodeInfo.html?id=f84e89be645c4ab6b6b24f7f75300000&nodeType=wzgg HTTP/1.1" 200 1071 "-" "Mozilla/5.0 (Linux; Android 7.0; HUAWEI MLA-AL10 Build/HUAWEIMLA-AL10; wv) AppleWebKit/537.36 (KHTML, like Gecko) Version/4.0 Chrome/56.0.2924.87 Mobile Safari/537.36" 117.150.245.66
47.89.7.216 - - [10/Jun/2017:22:51:09 +0800] "POST /node/getDetail.html?jq_random=0.52795 HTTP/1.1" 200 60527 "http://www.vipysdd.com/common/m-nodeInfo.html?id=f84e89be645c4ab6b6b24f7f75300000&nodeType=wzgg" "Mozilla/5.0 (Linux; Android 7.0; HUAWEI MLA-AL10 Build/HUAWEIMLA-AL10; wv) AppleWebKit/537.36 (KHTML, like Gecko) Version/4.0 Chrome/56.0.2924.87 Mobile Safari/537.36" 117.150.245.66
47.89.7.193 - - [10/Jun/2017:22:51:27 +0800] "HEAD / HTTP/1.1" 301 0 "-" "Mozilla/5.0 (compatible; MSIE 9.0; Windows NT 6.1; Win64; x64; Trident/5.0)" 120.26.216.168
47.89.7.207 - - [10/Jun/2017:22:51:30 +0800] "HEAD / HTTP/1.1" 301 0 "-" "Mozilla/5.0 (compatible; MSIE 9.0; Windows NT 6.1; Win64; x64; Trident/5.0)" 182.92.157.118
47.89.7.199 - - [10/Jun/2017:22:51:30 +0800] "HEAD / HTTP/1.1" 301 0 "-" "Chrome/57" 47.93.110.38
47.89.7.216 - - [10/Jun/2017:22:51:30 +0800] "HEAD / HTTP/1.1" 405 0 "-" "Chrome/57" 47.93.110.38
47.89.7.219 - - [10/Jun/2017:22:51:34 +0800] "HEAD / HTTP/1.1" 301 0 "-" "Mozilla/5.0 (compatible; MSIE 9.0; Windows NT 6.1; Win64; x64; Trident/5.0)" 115.28.203.70
47.89.7.226 - - [10/Jun/2017:22:51:37 +0800] "POST /bookLoan/applyRepayBookAmt.html?jq_random=0.22769 HTTP/1.1" 200 77 "http://www.vipysdd.com/common/m-bookLoanList.html?tf=booking_success" "Mozilla/5.0 (Linux; Android 7.0; HUAWEI NXT-AL10 Build/HUAWEINXT-AL10; wv) AppleWebKit/537.36 (KHTML, like Gecko) Version/4.0 Chrome/55.0.2883.91 Mobile Safari/537.36" 121.32.99.6
47.89.7.207 - - [10/Jun/2017:22:51:37 +0800] "POST /vipRepay/getRepayList.html?jq_random=0.38243 HTTP/1.1" 200 1188 "http://www.vipysdd.com/common/m-xmjsList.html" "Mozilla/5.0 (iPhone; CPU iPhone OS 9_3 like Mac OS X) AppleWebKit/601.1.46 (KHTML, like Gecko) Mobile/13E233" 223.104.63.63
47.89.7.226 - - [10/Jun/2017:22:51:42 +0800] "POST /bookLoan/applyRepayBookAmt.html?jq_random=0.72780 HTTP/1.1" 200 27 "http://www.vipysdd.com/common/m-bookLoanList.html?tf=booking_success" "Mozilla/5.0 (Linux; Android 7.0; HUAWEI NXT-AL10 Build/HUAWEINXT-AL10; wv) AppleWebKit/537.36 (KHTML, like Gecko) Version/4.0 Chrome/55.0.2883.91 Mobile Safari/537.36" 121.32.99.6
47.89.7.193 - - [10/Jun/2017:22:51:42 +0800] "POST /node/getNode.html?jq_random=0.02440 HTTP/1.1" 200 3438 "http://www.vipysdd.com/common/m-yjggOldList.html" "Mozilla/5.0 (iPhone; CPU iPhone OS 10_3_1 like Mac OS X) AppleWebKit/603.1.30 (KHTML, like Gecko) Mobile/14E304" 223.13.130.247
47.89.7.193 - - [10/Jun/2017:22:51:44 +0800] "POST /node/getNode.html?jq_random=0.65709 HTTP/1.1" 200 2934 "http://www.vipysdd.com/common/m-gg.html" "Mozilla/5.0 (iPhone; CPU iPhone OS 10_3_1 like Mac OS X) AppleWebKit/603.1.30 (KHTML, like Gecko) Mobile/14E304" 223.13.130.247
47.89.7.226 - - [10/Jun/2017:22:51:44 +0800] "GET /common/m-bookLoanList.html HTTP/1.1" 200 833 "-" "Mozilla/5.0 (Linux; Android 7.0; HUAWEI NXT-AL10 Build/HUAWEINXT-AL10; wv) AppleWebKit/537.36 (KHTML, like Gecko) Version/4.0 Chrome/55.0.2883.91 Mobile Safari/537.36" 121.32.99.6
47.89.7.226 - - [10/Jun/2017:22:51:45 +0800] "POST /bookLoan/getBookList.html?jq_random=0.56519 HTTP/1.1" 200 2702 "http://www.vipysdd.com/common/m-bookLoanList.html" "Mozilla/5.0 (Linux; Android 7.0; HUAWEI NXT-AL10 Build/HUAWEINXT-AL10; wv) AppleWebKit/537.36 (KHTML, like Gecko) Version/4.0 Chrome/55.0.2883.91 Mobile Safari/537.36" 121.32.99.6
47.89.7.193 - - [10/Jun/2017:22:51:46 +0800] "POST /userCenter/getAccountInfo.html?jq_random=0.28111 HTTP/1.1" 200 587 "http://www.vipysdd.com/common/m-myCenter.html" "Mozilla/5.0 (iPhone; CPU iPhone OS 10_3_1 like Mac OS X) AppleWebKit/603.1.30 (KHTML, like Gecko) Mobile/14E304" 223.13.130.247
47.89.7.217 - - [10/Jun/2017:22:51:48 +0800] "POST /auth/getPermissionsByPid.html?jq_random=0.57228 HTTP/1.1" 200 1089 "http://www.vipysdd.com/common/nodeDetail.html?id=a777cdd4fcf44f52861ab1afc71b366e&nodeType=yjgg" "Mozilla/5.0 (Windows NT 6.1; WOW64) AppleWebKit/534+ (KHTML, like Gecko) BingPreview/1.0b" 131.253.25.210
47.89.7.224 - - [10/Jun/2017:22:51:48 +0800] "POST /auth/getPermissionsByPid.html?jq_random=0.39624 HTTP/1.1" 200 1089 "http://www.vipysdd.com/common/login.html" "Mozilla/5.0 (Windows NT 6.1; WOW64) AppleWebKit/534+ (KHTML, like Gecko) BingPreview/1.0b" 131.253.25.210
47.89.7.226 - - [10/Jun/2017:22:51:49 +0800] "POST /bookLoan/getBookList.html?jq_random=0.40355 HTTP/1.1" 200 3063 "http://www.vipysdd.com/common/m-bookLoanList.html" "Mozilla/5.0 (Linux; Android 7.0; HUAWEI NXT-AL10 Build/HUAWEINXT-AL10; wv) AppleWebKit/537.36 (KHTML, like Gecko) Version/4.0 Chrome/55.0.2883.91 Mobile Safari/537.36" 121.32.99.6
47.89.7.219 - - [10/Jun/2017:22:51:52 +0800] "POST /vipRepay/getRepayList.html?jq_random=0.42269 HTTP/1.1" 200 1197 "http://www.vipysdd.com/common/m-xmjsList.html" "Mozilla/5.0 (iPhone; CPU iPhone OS 9_3 like Mac OS X) AppleWebKit/601.1.46 (KHTML, like Gecko) Mobile/13E233" 223.104.63.63
47.89.7.192 - - [10/Jun/2017:22:52:01 +0800] "GET / HTTP/1.1" 200 2277 "-" "Mozilla/5.0 (Windows NT 10.0; WOW64) AppleWebKit/537.36 (KHTML, like Gecko) Chrome/45.0.2454.101 Safari/537.36" 27.156.17.112
47.89.7.192 - - [10/Jun/2017:22:52:01 +0800] "GET /style/main.css?version=6 HTTP/1.1" 200 13809 "http://www.vipysdd.com/" "Mozilla/5.0 (Windows NT 10.0; WOW64) AppleWebKit/537.36 (KHTML, like Gecko) Chrome/45.0.2454.101 Safari/537.36" 27.156.17.112
47.89.7.199 - - [10/Jun/2017:22:52:01 +0800] "GET /style/common.css?version=6 HTTP/1.1" 200 1273 "http://www.vipysdd.com/" "Mozilla/5.0 (Windows NT 10.0; WOW64) AppleWebKit/537.36 (KHTML, like Gecko) Chrome/45.0.2454.101 Safari/537.36" 27.156.17.112
47.89.7.224 - - [10/Jun/2017:22:52:01 +0800] "GET /style/style.css?version=6 HTTP/1.1" 200 3926 "http://www.vipysdd.com/" "Mozilla/5.0 (Windows NT 10.0; WOW64) AppleWebKit/537.36 (KHTML, like Gecko) Chrome/45.0.2454.101 Safari/537.36" 27.156.17.112
47.89.7.226 - - [10/Jun/2017:22:52:01 +0800] "GET /style/tianyang.css?version=6 HTTP/1.1" 200 14730 "http://www.vipysdd.com/" "Mozilla/5.0 (Windows NT 10.0; WOW64) AppleWebKit/537.36 (KHTML, like Gecko) Chrome/45.0.2454.101 Safari/537.36" 27.156.17.112
47.89.7.217 - - [10/Jun/2017:22:52:01 +0800] "GET /style/pace-theme-flash.css HTTP/1.1" 200 608 "http://www.vipysdd.com/" "Mozilla/5.0 (Windows NT 10.0; WOW64) AppleWebKit/537.36 (KHTML, like Gecko) Chrome/45.0.2454.101 Safari/537.36" 27.156.17.112